// Jest Snapshot v1, https://goo.gl/fbAQLP

exports[`Unit testing using snapshots should match the snapshot 1`] = `"{}"`;
